fatfs_sd.c:30:13:SELECT	8	static
fatfs_sd.c:36:13:DESELECT	8	static
fatfs_sd.c:42:13:SPI_TxByte	16	static
fatfs_sd.c:49:16:SPI_RxByte	24	static
fatfs_sd.c:62:13:SPI_RxBytePtr	16	static
fatfs_sd.c:68:16:SD_ReadyWait	16	static
fatfs_sd.c:86:13:SD_PowerOn	32	static
fatfs_sd.c:129:13:SD_PowerOff	4	static
fatfs_sd.c:135:16:SD_CheckPower	4	static
fatfs_sd.c:142:13:SD_RxDataBlock	24	static
fatfs_sd.c:174:13:SD_TxDataBlock	24	static
fatfs_sd.c:225:13:SD_SendCmd	24	static
fatfs_sd.c:271:9:SD_disk_initialize	32	static
fatfs_sd.c:374:9:SD_disk_status	16	static
fatfs_sd.c:383:9:SD_disk_read	24	static
fatfs_sd.c:427:9:SD_disk_write	24	static
fatfs_sd.c:482:9:SD_disk_ioctl	56	static
