main.c:102:6:send_uart	24	static
main.c:108:5:bufsize	24	static
main.c:115:6:bufclear	24	static
main.c:123:9:open_append	16	static
main.c:137:9:open_append_read	24	static
main.c:165:5:main	48	static
main.c:401:6:SystemClock_Config	88	static
main.c:446:13:MX_SPI2_Init	8	static
main.c:484:13:MX_TIM3_Init	32	static
main.c:529:13:MX_USART2_UART_Init	8	static
main.c:562:13:MX_GPIO_Init	48	static
main.c:601:6:HAL_TIM_PeriodElapsedCallback	16	static
main.c:612:6:Error_Handler	4	static,ignoring_inline_asm
